2026-02-14T18:28:35.336Z: Starting cleanup of stuck lists...
2026-02-14T18:28:35.401Z: Found candidates: 2
2026-02-14T18:28:35.402Z: - Candidate: d9cda67c-fe30-4a4d-83f7-9dcb2e6b3fc1 | NEW LIST | movies | ae9d1995-6616-4d93-8534-93f125e1bb6e
2026-02-14T18:28:35.402Z: - Candidate: 69c84238-7ffb-4c0f-ad78-cc8ae033d148 | NEW LIST | bars | 6758eb2d-b737-4633-8f87-0782e1a0067a
2026-02-14T18:28:35.470Z: Successfully deleted 2 lists
2026-02-14T18:28:55.756Z: Starting cleanup of stuck lists...
2026-02-14T18:28:55.820Z: Found candidates: 2
2026-02-14T18:28:55.820Z: - Candidate: d9cda67c-fe30-4a4d-83f7-9dcb2e6b3fc1 | NEW LIST | movies | ae9d1995-6616-4d93-8534-93f125e1bb6e
2026-02-14T18:28:55.821Z: - Candidate: 69c84238-7ffb-4c0f-ad78-cc8ae033d148 | NEW LIST | bars | 6758eb2d-b737-4633-8f87-0782e1a0067a
2026-02-14T18:28:55.893Z: Successfully deleted 2 lists
2026-02-14T18:30:07.585Z: Starting cleanup of 'testguy' user...
2026-02-14T18:30:07.648Z: Found testguy ID: ae9d1995-6616-4d93-8534-93f125e1bb6e
2026-02-14T18:30:07.762Z: Deleted null lists for testguy
2026-02-14T18:30:07.822Z: Deleted testguy profile
2026-02-14T18:30:09.373Z: Starting cleanup of 'testguy' user...
2026-02-14T18:30:09.437Z: Found testguy ID: ae9d1995-6616-4d93-8534-93f125e1bb6e
2026-02-14T18:30:09.498Z: Deleted null lists for testguy
2026-02-14T18:30:09.562Z: Deleted testguy profile
2026-02-14T18:30:25.236Z: Starting cleanup of 'testguy' user...
2026-02-14T18:30:25.302Z: Found testguy ID: ae9d1995-6616-4d93-8534-93f125e1bb6e
2026-02-14T18:30:25.400Z: Deleted null lists for testguy
2026-02-14T18:30:25.463Z: Deleted testguy profile
2026-02-14T18:30:42.505Z: Starting cleanup of 'testguy' user...
2026-02-14T18:30:42.606Z: Found testguy ID: ae9d1995-6616-4d93-8534-93f125e1bb6e
2026-02-14T18:30:42.752Z: Deleted null lists for testguy
2026-02-14T18:30:42.856Z: Deleted testguy profile
2026-02-14T18:31:01.089Z: Starting cleanup of 'testguy' user...
2026-02-14T18:31:01.210Z: Found testguy ID: ae9d1995-6616-4d93-8534-93f125e1bb6e
2026-02-14T18:31:01.372Z: Deleted null lists for testguy
2026-02-14T18:31:01.475Z: Deleted testguy profile
2026-02-14T18:31:11.655Z: Starting cleanup of 'testguy' user...
2026-02-14T18:31:11.761Z: Found testguy ID: ae9d1995-6616-4d93-8534-93f125e1bb6e
2026-02-14T18:31:11.917Z: Deleted null lists for testguy
2026-02-14T18:31:12.010Z: Deleted testguy profile
2026-02-14T18:31:18.888Z: Starting cleanup of 'testguy' user...
2026-02-14T18:31:18.961Z: Found testguy ID: ae9d1995-6616-4d93-8534-93f125e1bb6e
2026-02-14T18:31:19.097Z: Deleted null lists for testguy
2026-02-14T18:31:19.169Z: Deleted testguy profile
2026-02-14T18:31:31.663Z: Starting cleanup of 'testguy' user...
2026-02-14T18:31:31.723Z: Found testguy ID: ae9d1995-6616-4d93-8534-93f125e1bb6e
2026-02-14T18:31:31.839Z: Deleted null lists for testguy
2026-02-14T18:31:31.900Z: Deleted testguy profile
2026-02-14T18:33:28.584Z: Starting cleanup of 'testguy' user...
2026-02-14T18:33:28.813Z: Found testguy ID: ae9d1995-6616-4d93-8534-93f125e1bb6e
2026-02-14T18:33:28.969Z: Deleted null lists for testguy
2026-02-14T18:33:29.046Z: Deleted testguy profile
2026-02-14T18:33:39.752Z: Starting cleanup of 'testguy' user...
2026-02-14T18:33:39.829Z: Found testguy ID: ae9d1995-6616-4d93-8534-93f125e1bb6e
2026-02-14T18:33:39.950Z: Deleted null lists for testguy
2026-02-14T18:33:40.054Z: Deleted testguy profile
2026-02-14T18:33:49.062Z: Starting cleanup of 'testguy' user...
2026-02-14T18:33:49.126Z: Found testguy ID: ae9d1995-6616-4d93-8534-93f125e1bb6e
2026-02-14T18:33:49.243Z: Deleted null lists for testguy
2026-02-14T18:33:49.303Z: Deleted testguy profile
2026-02-14T18:34:07.267Z: Starting cleanup of 'testguy' user...
2026-02-14T18:34:07.347Z: Found testguy ID: ae9d1995-6616-4d93-8534-93f125e1bb6e
2026-02-14T18:34:07.452Z: Deleted null lists for testguy
2026-02-14T18:34:07.517Z: Deleted testguy profile
2026-02-14T18:34:19.238Z: Starting cleanup of 'testguy' user...
2026-02-14T18:34:19.317Z: Found testguy ID: ae9d1995-6616-4d93-8534-93f125e1bb6e
2026-02-14T18:34:19.494Z: Deleted null lists for testguy
2026-02-14T18:34:19.561Z: Deleted testguy profile
2026-02-14T18:34:59.823Z: Starting cleanup of 'testguy' user...
2026-02-14T18:34:59.908Z: Found testguy ID: ae9d1995-6616-4d93-8534-93f125e1bb6e
2026-02-14T18:35:00.052Z: Deleted null lists for testguy
2026-02-14T18:35:00.124Z: Deleted testguy profile
